Processing tasks in duration order (longest first):
+-----+-------------+------------+------------+
|   # | Task Name   | Duration   | Source     |
+=====+=============+============+============+
|   1 | hello-world | 3m 30s     | calculated |
+-----+-------------+------------+------------+
Total tasks: 1
Starting harness run
Run ID: none-20260820-090952
Running task: hello-world
Running docker compose command: docker compose -p hello-world-1-of-1-none-20260820-090952 -f /Users/aryrabelo/.cache/terminal-bench-core-0.1.1/hello-world/docker-compose.yaml build
Running docker compose command: docker compose -p hello-world-1-of-1-none-20260820-090952 -f /Users/aryrabelo/.cache/terminal-bench-core-0.1.1/hello-world/docker-compose.yaml up -d
Starting recording.
Sending keys: ['asciinema rec --stdin /logs/agent.cast', 'Enter'] min_timeout_sec: 3.0 max_timeout_sec: 180.0
Sending keys: ['clear', 'Enter'] min_timeout_sec: 0.0 max_timeout_sec: 180.0
Sending keys: ['source /installed-agent/setup-env.sh', '; tmux wait -S done', 'Enter'] min_timeout_sec: 0.0 max_timeout_sec: inf
Blocking command completed in 0.04s.
Sending keys: ["source /installed-agent/install-agent.sh || echo 'INSTALL_FAIL_STATUS'", '; tmux wait -S done', 'Enter'] min_timeout_sec: 0.0 max_timeout_sec: inf
Agent timed out after 360.0s for task hello-world.
Agent failed with mode FailureMode.AGENT_TIMEOUT, continuing with test execution
Starting recording.
Sending keys: ['asciinema rec --stdin /logs/tests.cast', 'Enter'] min_timeout_sec: 3.0 max_timeout_sec: 180.0
Sending keys: ['clear', 'Enter'] min_timeout_sec: 0.0 max_timeout_sec: 180.0
Sending keys: ['bash ', '/tests/run-tests.sh', '; tmux wait -S done', 'Enter'] min_timeout_sec: 0.0 max_timeout_sec: 60.0
Blocking command completed in 708.14s.
Blocking command completed in 45.05s.
Stopping recording.
Sending keys: ['mkdir -p "$(dirname /installed-agent/append-system-prompt.txt)" && echo "$DEEP_FABLE_SYSTEM_PROMPT_B64" | base64 -d > /installed-agent/append-system-prompt.txt', '; tmux wait -S done', 'Enter'] min_timeout_sec: 0.0 max_timeout_sec: 30.0
Sending keys: ['C-d'] min_timeout_sec: 0.1 max_timeout_sec: 180.0
Stopping recording.
Sending keys: ['C-d'] min_timeout_sec: 0.1 max_timeout_sec: 180.0
Running docker compose command: docker compose -p hello-world-1-of-1-none-20260820-090952 -f /Users/aryrabelo/.cache/terminal-bench-core-0.1.1/hello-world/docker-compose.yaml down
Running docker compose command: docker compose -p hello-world-1-of-1-none-20260820-090952 -f /Users/aryrabelo/.cache/terminal-bench-core-0.1.1/hello-world/docker-compose.yaml down --rmi all --volumes
Unresolved task hello-world
